node.exe : uncaughtException 
[Error: EPERM: operation not 
permitted, open 'F:\GEMINI-CLI
\SALADILLOVIVO_NEXT\saladillov
ivo-PC\.next\trace'] {
En C:\nvm4w\nodejs\npm.ps1: 
16 Carácter: 5
+     & "$basedir/node$exe"  "
$basedir/node_modules/npm/bin/
npm-cli.js" ...
+     ~~~~~~~~~~~~~~~~~~~~~~~~
~~~~~~~~~~~~~~~~~~~~~~~~~~~~~~
~~~~~~~~~~~
    + CategoryInfo          : 
    NotSpecified: (uncaughtE  
  xcepti....next\trace'] {:   
 String) [], RemoteExcepti    
on
    + FullyQualifiedErrorId : 
    NativeCommandError
 
  errno: -4048,
  code: 'EPERM',
  syscall: 'open',
  path: 'F:\\GEMINI-CLI\\SALAD
ILLOVIVO_NEXT\\saladillovivo-P
C\\.next\\trace'
}
