
> saladillovivo-nextjs@0.1.0 build
> next build

  Ôû▓ Next.js 14.2.35
  - Environments: .env.local

   Creating an optimized production build ...
> [PWA] Compile server
> [PWA] Compile server
> [PWA] Compile client (static)
> [PWA] Auto register service worker with: F:\GEMINI-CLI\SALADILLOVIVO_NEXT\saladillovivo-PC\node_modules\next-pwa\register.js
> [PWA] Service worker: F:\GEMINI-CLI\SALADILLOVIVO_NEXT\saladillovivo-PC\public\sw.js
> [PWA]   url: /sw.js
> [PWA]   scope: /
